[kelhome.in/index.html]
[backblue.gif]
[fade.gif]
[index.html]
[kelhome.in/assets/img/favicon.png]
[kelhome.in/assets/js/vendor/modernizr-2.8.3.min.js]
[kelhome.in/index-2.html]
[kelhome.in/assets/img/logo/logo.png]
[kelhome.in/appliance.html]
[kelhome.in/kitchen.html]
[kelhome.in/electrical.html]
[kelhome.in/electronic.html]
[kelhome.in/about-us.html]
[kelhome.in/assets/Kelhome.pdf]
[kelhome.in/assets/img/slider/home4-slider2.jpg]
[kelhome.in/assets/img/product/3 Burner Glass Top.png]
[kelhome.in/assets/img/product/2 Burner Stainless Steel Gas Stove.png]
[kelhome.in/assets/img/product/Induction Cooker.png]
[kelhome.in/assets/img/product/Hand Mixer.png]
[kelhome.in/assets/img/product/Thermal Rise Cooker.png]
[kelhome.in/assets/img/product/Stainless Steel Pressure Cooker.png]
[kelhome.in/assets/img/product/4 PCS KTF.png]
[kelhome.in/assets/img/product/Biriyani Pot.png]
[kelhome.in/assets/img/product/Fry Pan IB.png]
[kelhome.in/assets/img/product/Tower Fan.png]
[kelhome.in/assets/img/product/Table Fan.png]
[kelhome.in/assets/img/product/Pedastal Fan.png]
[kelhome.in/assets/img/product/Ceiling fan.png]
[kelhome.in/assets/img/product/Iron Box.png]
[kelhome.in/assets/img/product/Fall Fan.png]
[kelhome.in/assets/img/product/LED TV.png]
[kelhome.in/assets/img/product/Hair Trimmer.png]
[kelhome.in/assets/img/product/Smart LED TV.png]
[kelhome.in/assets/img/product/5 Band Radio.jpg]
[kelhome.in/assets/img/product/Trolley Speaker.png]
[kelhome.in/assets/js/vendor/jquery-1.12.4.min.js]
[kelhome.in/assets/js/bootstrap.min.js]
[kelhome.in/assets/js/isotope.pkgd.min.js]
[kelhome.in/assets/js/imagesloaded.pkgd.min.js]
[kelhome.in/assets/js/jquery.counterup.min.js]
[kelhome.in/assets/js/waypoints.min.js]
[kelhome.in/assets/js/tippy.min.js]
[kelhome.in/assets/js/ajax-mail.js]
[kelhome.in/assets/js/owl.carousel.min.js]
[kelhome.in/assets/js/plugins.js]
[kelhome.in/assets/js/main.js]
[kelhome.in/index.html]
[kelhome.in/assets/css/bootstrap.min.css]
[kelhome.in/assets/css/animate.css]
[kelhome.in/assets/css/owl.video.play.html]
[kelhome.in/assets/css/owl.carousel.min.css]
[kelhome.in/assets/css/chosen.min.css]
[kelhome.in/assets/fonts/themify9f249f24.eot]
[kelhome.in/fonts/themifyd41d.3bd41d.delayed]
[kelhome.in/assets/fonts/themify9f249f24.woff]
[kelhome.in/assets/fonts/themify9f249f24.ttf]
[kelhome.in/assets/css/themify-icons.css]
[kelhome.in/assets/fonts/fa-brands-400.eot]
[kelhome.in/assets/fonts/fa-brands-400d41dd41d.eot]
[kelhome.in/assets/fonts/fa-brands-400.woff2]
[kelhome.in/assets/fonts/fa-brands-400.woff]
[kelhome.in/assets/fonts/fa-brands-400.ttf]
[kelhome.in/assets/fonts/fa-regular-400.eot]
[kelhome.in/assets/fonts/fa-regular-400d41dd41d.eot]
[kelhome.in/assets/fonts/fa-regular-400.woff2]
[kelhome.in/assets/fonts/fa-regular-400.woff]
[kelhome.in/assets/fonts/fa-regular-400.ttf]
[kelhome.in/assets/fonts/fa-solid-900.eot]
[kelhome.in/assets/fonts/fa-solid-900d41dd41d.eot]
[kelhome.in/assets/fonts/fa-solid-900.woff2]
[kelhome.in/assets/fonts/fa-solid-900.woff]
[kelhome.in/assets/fonts/fa-solid-900.ttf]
[kelhome.in/assets/css/fontawesome-all.css]
[kelhome.in/assets/fonts/ionicons28b528b5.eot]
[kelhome.in/assets/fonts/ionicons28b528b5.ttf]
[kelhome.in/assets/fonts/ionicons28b528b5.woff]
[kelhome.in/assets/css/ionicons.min.css]
[kelhome.in/assets/fonts/Material-Design-Iconic-Fontd1f1d1f1.woff2]
[kelhome.in/assets/fonts/Material-Design-Iconic-Fontd1f1d1f1.woff]
[kelhome.in/assets/fonts/Material-Design-Iconic-Fontd1f1d1f1.ttf]
[kelhome.in/assets/css/material-design-iconic-font.css]
[kelhome.in/assets/css/meanmenu.min.css]
[kelhome.in/assets/css/tippy.css]
[kelhome.in/images/bg/1.html]
[kelhome.in/images/bg/2.html]
[kelhome.in/images/bg/3.html]
[kelhome.in/images/bg/4.html]
[kelhome.in/images/bg/5.html]
[kelhome.in/images/bg/6.html]
[kelhome.in/images/bg/7.html]
[kelhome.in/images/bg/8.html]
[kelhome.in/images/bg/9.html]
[kelhome.in/images/bg/10.html]
[kelhome.in/images/pattern/pattern-bg.html]
[kelhome.in/assets/css/bundle.css]
[kelhome.in/assets/fonts/DroidSerifRegular.eot]
[kelhome.in/assets/fonts/DroidSerifRegular.woff2]
[kelhome.in/assets/fonts/DroidSerifRegular.woff]
[kelhome.in/assets/fonts/DroidSerifRegular.ttf]
[kelhome.in/assets/fonts/DroidSerifBold.eot]
[kelhome.in/assets/fonts/DroidSerifBold.woff2]
[kelhome.in/assets/fonts/DroidSerifBold.woff]
[kelhome.in/assets/fonts/DroidSerifBold.ttf]
[kelhome.in/assets/img/icons/next-arrow-black.png]
[kelhome.in/assets/img/icons/next-arrow-hover.png]
[kelhome.in/assets/img/title-icon.png]
[kelhome.in/assets/img/icon-img/1.png]
[kelhome.in/assets/img/banner/home1-static.71.delayed]
[kelhome.in/assets/img/icons/next-arrow-white.png]
[kelhome.in/assets/img/home1-fullbanner.73.delayed]
[kelhome.in/assets/img/home1-testi-brand-bg.74.delayed]
[kelhome.in/assets/img/icon-img/testimonial-icon.png]
[kelhome.in/assets/img/home5-testimonial.76.delayed]
[kelhome.in/assets/img/icon-img/testimonial-icon2.png]
[kelhome.in/assets/img/service/service1-img1.78.delayed]
[kelhome.in/assets/img/service-bg2.79.delayed]
[kelhome.in/assets/img/service-bg3.jpg]
[kelhome.in/assets/img/service-bg4.7b.delayed]
[kelhome.in/assets/img/contact2-social.7c.delayed]
[kelhome.in/assets/css/style.css]
[kelhome.in/assets/css/responsive.css]
[kelhome.in/index-2.html]
[kelhome.in/assets/img/product/Electric Oven.png]
[kelhome.in/assets/img/product/Fully Automatic Washing Machine.png]
[kelhome.in/assets/img/product/Semi automatic washing machine.png]
[kelhome.in/assets/img/product/Easy Mop.png]
[kelhome.in/appliance.html]
[kelhome.in/assets/img/product/Thermosteel Vaccum Flask.png]
[kelhome.in/assets/img/product/Pathiri Tawa - Round.png]
[kelhome.in/assets/img/product/Non - Stick Kadai Pot.png]
[kelhome.in/assets/img/product/Aluminium Pressure Cooker.png]
[kelhome.in/assets/img/product/Rise Cooker.png]
[kelhome.in/assets/img/product/Tawa Pan IB.png]
[kelhome.in/assets/img/product/Appachatty.png]
[kelhome.in/assets/img/product/4 PCS ATF.png]
[kelhome.in/kitchen.html]
[kelhome.in/assets/img/product/Hand Lamp.png]
[kelhome.in/electrical.html]
[kelhome.in/electronic.html]
[kelhome.in/assets/img/slider/banner.jpg]
[kelhome.in/assets/img/icon-img/about-us-icon1.png]
[kelhome.in/assets/img/icon-img/about-us-icon2.png]
[kelhome.in/assets/img/icon-img/about-us-icon3.png]
[kelhome.in/assets/img/icon-img/about-us-icon4.png]
[kelhome.in/assets/img/banner/about-us-img2.jpg]
[kelhome.in/assets/img/slider/vision.jpg]
[kelhome.in/about-us.html]
[kelhome.in/assets/css/owl.video.play.html]
[kelhome.in/fonts/themifyd41dd41d.html]
[kelhome.in/assets/fonts/themify9f249f24.svg]
[kelhome.in/assets/fonts/fa-brands-400.svg]
[kelhome.in/assets/fonts/fa-regular-400.svg]
[kelhome.in/assets/fonts/fa-solid-900.svg]
[kelhome.in/assets/img/slider/home4-slider1.jpg]
[kelhome.in/assets/fonts/ionicons28b528b5.svg]
[kelhome.in/images/bg/1.html]
[kelhome.in/images/bg/2.html]
[kelhome.in/images/bg/3.html]
[kelhome.in/images/bg/4.html]
[kelhome.in/images/bg/5.html]
[kelhome.in/images/bg/6.html]
[kelhome.in/images/bg/7.html]
[kelhome.in/images/bg/8.html]
[kelhome.in/images/bg/9.html]
[kelhome.in/images/bg/10.html]
[kelhome.in/images/pattern/pattern-bg.html]
[kelhome.in/assets/fonts/DroidSerifRegular.svg]
[kelhome.in/assets/fonts/DroidSerifBold.svg]
[kelhome.in/assets/img/banner/home1-static.html]
[kelhome.in/assets/img/home1-fullbanner.html]
[kelhome.in/assets/img/home1-testi-brand-bg.html]
[kelhome.in/assets/img/home5-testimonial.html]
[kelhome.in/assets/img/service/service1-img1.html]
[kelhome.in/assets/img/service-bg2.html]
[kelhome.in/assets/img/service-bg4.html]
[kelhome.in/assets/img/contact2-social.html]
[kelhome.in/assets/css/images/ui-icons_444444_256x240.png]
[kelhome.in/assets/css/images/ui-icons_555555_256x240.png]
[kelhome.in/assets/css/images/ui-icons_ffffff_256x240.png]
[kelhome.in/assets/css/images/ui-icons_777620_256x240.png]
[kelhome.in/assets/css/images/ui-icons_cc0000_256x240.png]
[kelhome.in/assets/css/images/ui-icons_777777_256x240.png]
[kelhome.in/assets/css/jquery-ui.css]
[kelhome.in/contact.html]
